// Jest Snapshot v1, https://goo.gl/fbAQLP

exports[`App renders correctly 1`] = `
<DocumentFragment>
  <div
    class="app"
  >
    <img
      alt="NASA logo"
      class="logo"
      src="https://cdn.cnn.com/cnnnext/dam/assets/200424060716-nasa-worm-logo.jpg"
    />
    <form
      class="search-form"
    >
      <input
        class="search-input"
        type="text"
      />
      <button
        class="search-button"
        type="submit"
      >
        Search
      </button>
    </form>
    <div
      class="search-results"
    >
      <p>
        No results!
      </p>
    </div>
  </div>
</DocumentFragment>
`;
